protoc --grpc-web_out=import_style=typescript,mode=grpcwebtext:src/pbf/post/ --proto_path=. pbf/post/api.proto pbf/post/create.proto
protoc --grpc-web_out=import_style=typescript,mode=grpcwebtext:src/pbf/user/ --proto_path=. pbf/user/bar.proto pbf/user/baz.proto pbf/user/foo.proto
protoc --js_out=import_style=commonjs,binary:src/pbf/post/ --proto_path=. pbf/post/api.proto pbf/post/create.proto
protoc --js_out=import_style=commonjs,binary:src/pbf/user/ --proto_path=. pbf/user/bar.proto pbf/user/baz.proto pbf/user/foo.proto
